0 verbose cli C:\Program Files\nodejs\node.exe C:\Program Files\nodejs\node_modules\npm\bin\npm-cli.js
1 info using npm@11.6.2
2 info using node@v24.11.1
3 silly config load:file:C:\Program Files\nodejs\node_modules\npm\npmrc
4 silly config load:file:C:\Users\SAMSUNG\Desktop\TreinAI\TreinAI\mobile\.npmrc
5 silly config load:file:C:\Users\SAMSUNG\.npmrc
6 silly config load:file:C:\Users\SAMSUNG\AppData\Roaming\npm\etc\npmrc
7 verbose title npm install @expo-google-fonts/exo expo-font
8 verbose argv "install" "@expo-google-fonts/exo" "expo-font" "--cache" ".\\.npm-cache"
9 verbose logfile logs-max:10 dir:C:\Users\SAMSUNG\Desktop\TreinAI\TreinAI\mobile\.npm-cache\_logs\2026-06-10T20_02_17_850Z-
10 verbose logfile C:\Users\SAMSUNG\Desktop\TreinAI\TreinAI\mobile\.npm-cache\_logs\2026-06-10T20_02_17_850Z-debug-0.log
11 silly logfile done cleaning log files
12 silly packumentCache heap:2348810240 maxSize:587202560 maxEntrySize:293601280
13 silly idealTree buildDeps
14 silly fetch manifest @expo-google-fonts/exo@*
15 silly packumentCache full:https://registry.npmjs.org/@expo-google-fonts%2fexo cache-miss
16 http fetch GET 200 https://registry.npmjs.org/@expo-google-fonts%2fexo 1311ms (cache miss)
17 silly packumentCache full:https://registry.npmjs.org/@expo-google-fonts%2fexo set size:undefined disposed:false
18 silly fetch manifest expo-font@*
19 silly packumentCache full:https://registry.npmjs.org/expo-font cache-miss
20 http fetch GET 200 https://registry.npmjs.org/expo-font 118ms (cache revalidated)
21 silly packumentCache full:https://registry.npmjs.org/expo-font set size:927673 disposed:false
22 silly fetch manifest expo@~56.0.6
23 silly packumentCache full:https://registry.npmjs.org/expo cache-miss
24 http fetch GET 200 https://registry.npmjs.org/expo 121ms (cache revalidated)
25 silly packumentCache full:https://registry.npmjs.org/expo set size:3830052 disposed:false
26 silly fetch manifest @expo/metro-runtime@*
27 silly packumentCache full:https://registry.npmjs.org/@expo%2fmetro-runtime cache-miss
28 http fetch GET 200 https://registry.npmjs.org/@expo%2fmetro-runtime 132ms (cache revalidated)
29 silly packumentCache full:https://registry.npmjs.org/@expo%2fmetro-runtime set size:716149 disposed:false
30 silly fetch manifest react@19.2.3
31 silly packumentCache full:https://registry.npmjs.org/react cache-miss
32 http fetch GET 200 https://registry.npmjs.org/react 132ms (cache revalidated)
33 silly packumentCache full:https://registry.npmjs.org/react set size:6693019 disposed:false
34 silly fetch manifest react-dom@19.2.3
35 silly packumentCache full:https://registry.npmjs.org/react-dom cache-miss
36 http fetch GET 200 https://registry.npmjs.org/react-dom 164ms (cache revalidated)
37 silly packumentCache full:https://registry.npmjs.org/react-dom set size:8937624 disposed:false
38 silly fetch manifest react-native@0.85.3
39 silly packumentCache full:https://registry.npmjs.org/react-native cache-miss
40 http fetch GET 200 https://registry.npmjs.org/react-native 187ms (cache revalidated)
41 silly packumentCache full:https://registry.npmjs.org/react-native set size:15353811 disposed:false
42 silly fetch manifest @react-native/jest-preset@0.85.3
43 silly packumentCache full:https://registry.npmjs.org/@react-native%2fjest-preset cache-miss
44 http fetch GET 200 https://registry.npmjs.org/@react-native%2fjest-preset 141ms (cache revalidated)
45 silly packumentCache full:https://registry.npmjs.org/@react-native%2fjest-preset set size:197947 disposed:false
46 silly fetch manifest @types/react@~19.2.2
47 silly packumentCache full:https://registry.npmjs.org/@types%2freact cache-miss
48 http fetch GET 200 https://registry.npmjs.org/@types%2freact 127ms (cache revalidated)
49 silly packumentCache full:https://registry.npmjs.org/@types%2freact set size:2632776 disposed:false
50 silly fetch manifest react-native-web@~0.21.0
51 silly packumentCache full:https://registry.npmjs.org/react-native-web cache-miss
52 http fetch GET 200 https://registry.npmjs.org/react-native-web 120ms (cache revalidated)
53 silly packumentCache full:https://registry.npmjs.org/react-native-web set size:1090416 disposed:false
54 silly fetch manifest react-native-webview@*
55 silly packumentCache full:https://registry.npmjs.org/react-native-webview cache-miss
56 http fetch GET 200 https://registry.npmjs.org/react-native-webview 109ms (cache revalidated)
57 silly packumentCache full:https://registry.npmjs.org/react-native-webview set size:1355349 disposed:false
58 silly placeDep ROOT @expo-google-fonts/exo@0.4.2 OK for: treinai-mobile@0.1.0 want: *
59 silly placeDep ROOT expo-font@56.0.5 REPLACE for: treinai-mobile@0.1.0 want: *
60 silly reify moves {}
61 silly audit bulk request {
61 silly audit   '@babel/code-frame': [ '7.29.7' ],
61 silly audit   '@babel/compat-data': [ '7.29.7' ],
61 silly audit   '@babel/core': [ '7.29.7' ],
61 silly audit   semver: [ '6.3.1', '7.8.4' ],
61 silly audit   '@babel/generator': [ '7.29.7' ],
61 silly audit   '@babel/helper-annotate-as-pure': [ '7.29.7' ],
61 silly audit   '@babel/helper-compilation-targets': [ '7.29.7' ],
61 silly audit   '@babel/helper-create-class-features-plugin': [ '7.29.7' ],
61 silly audit   '@babel/helper-create-regexp-features-plugin': [ '7.29.7' ],
61 silly audit   '@babel/helper-define-polyfill-provider': [ '0.6.8' ],
61 silly audit   '@babel/helper-globals': [ '7.29.7' ],
61 silly audit   '@babel/helper-member-expression-to-functions': [ '7.29.7' ],
61 silly audit   '@babel/helper-module-imports': [ '7.29.7' ],
61 silly audit   '@babel/helper-module-transforms': [ '7.29.7' ],
61 silly audit   '@babel/helper-optimise-call-expression': [ '7.29.7' ],
61 silly audit   '@babel/helper-plugin-utils': [ '7.29.7' ],
61 silly audit   '@babel/helper-remap-async-to-generator': [ '7.29.7' ],
61 silly audit   '@babel/helper-replace-supers': [ '7.29.7' ],
61 silly audit   '@babel/helper-skip-transparent-expression-wrappers': [ '7.29.7' ],
61 silly audit   '@babel/helper-string-parser': [ '7.29.7' ],
61 silly audit   '@babel/helper-validator-identifier': [ '7.29.7' ],
61 silly audit   '@babel/helper-validator-option': [ '7.29.7' ],
61 silly audit   '@babel/helper-wrap-function': [ '7.29.7' ],
61 silly audit   '@babel/helpers': [ '7.29.7' ],
61 silly audit   '@babel/parser': [ '7.29.7' ],
61 silly audit   '@babel/plugin-proposal-decorators': [ '7.29.7' ],
61 silly audit   '@babel/plugin-proposal-export-default-from': [ '7.29.7' ],
61 silly audit   '@babel/plugin-syntax-decorators': [ '7.29.7' ],
61 silly audit   '@babel/plugin-syntax-dynamic-import': [ '7.8.3' ],
61 silly audit   '@babel/plugin-syntax-export-default-from': [ '7.29.7' ],
61 silly audit   '@babel/plugin-syntax-flow': [ '7.29.7' ],
61 silly audit   '@babel/plugin-syntax-jsx': [ '7.29.7' ],
61 silly audit   '@babel/plugin-syntax-nullish-coalescing-operator': [ '7.8.3' ],
61 silly audit   '@babel/plugin-syntax-optional-chaining': [ '7.8.3' ],
61 silly audit   '@babel/plugin-syntax-typescript': [ '7.29.7' ],
61 silly audit   '@babel/plugin-transform-async-generator-functions': [ '7.29.7' ],
61 silly audit   '@babel/plugin-transform-async-to-generator': [ '7.29.7' ],
61 silly audit   '@babel/plugin-transform-block-scoping': [ '7.29.7' ],
61 silly audit   '@babel/plugin-transform-class-properties': [ '7.29.7' ],
61 silly audit   '@babel/plugin-transform-class-static-block': [ '7.29.7' ],
61 silly audit   '@babel/plugin-transform-classes': [ '7.29.7' ],
61 silly audit   '@babel/plugin-transform-destructuring': [ '7.29.7' ],
61 silly audit   '@babel/plugin-transform-export-namespace-from': [ '7.29.7' ],
61 silly audit   '@babel/plugin-transform-flow-strip-types': [ '7.29.7' ],
61 silly audit   '@babel/plugin-transform-for-of': [ '7.29.7' ],
61 silly audit   '@babel/plugin-transform-logical-assignment-operators': [ '7.29.7' ],
61 silly audit   '@babel/plugin-transform-modules-commonjs': [ '7.29.7' ],
61 silly audit   '@babel/plugin-transform-named-capturing-groups-regex': [ '7.29.7' ],
61 silly audit   '@babel/plugin-transform-nullish-coalescing-operator': [ '7.29.7' ],
61 silly audit   '@babel/plugin-transform-object-rest-spread': [ '7.29.7' ],
61 silly audit   '@babel/plugin-transform-optional-catch-binding': [ '7.29.7' ],
61 silly audit   '@babel/plugin-transform-optional-chaining': [ '7.29.7' ],
61 silly audit   '@babel/plugin-transform-parameters': [ '7.29.7' ],
61 silly audit   '@babel/plugin-transform-private-methods': [ '7.29.7' ],
61 silly audit   '@babel/plugin-transform-private-property-in-object': [ '7.29.7' ],
61 silly audit   '@babel/plugin-transform-react-display-name': [ '7.29.7' ],
61 silly audit   '@babel/plugin-transform-react-jsx': [ '7.29.7' ],
61 silly audit   '@babel/plugin-transform-react-jsx-development': [ '7.29.7' ],
61 silly audit   '@babel/plugin-transform-react-pure-annotations': [ '7.29.7' ],
61 silly audit   '@babel/plugin-transform-runtime': [ '7.29.7' ],
61 silly audit   '@babel/plugin-transform-typescript': [ '7.29.7' ],
61 silly audit   '@babel/plugin-transform-unicode-regex': [ '7.29.7' ],
61 silly audit   '@babel/preset-typescript': [ '7.29.7' ],
61 silly audit   '@babel/runtime': [ '7.29.7' ],
61 silly audit   '@babel/template': [ '7.29.7' ],
61 silly audit   '@babel/traverse': [ '7.29.7' ],
61 silly audit   '@babel/types': [ '7.29.7' ],
61 silly audit   '@expo/code-signing-certificates': [ '0.0.6' ],
61 silly audit   '@expo/config': [ '56.0.9' ],
61 silly audit   '@expo/config-plugins': [ '56.0.8' ],
61 silly audit   '@expo/config-types': [ '56.0.5' ],
61 silly audit   '@expo/devcert': [ '1.2.1' ],
61 silly audit   debug: [ '3.2.7', '2.6.9', '4.4.3' ],
61 silly audit   '@expo/devtools': [ '56.0.2' ],
61 silly audit   '@expo/dom-webview': [ '56.0.5' ],
61 silly audit   '@expo/env': [ '2.3.0' ],
61 silly audit   '@expo/expo-modules-macros-plugin': [ '0.0.9' ],
61 silly audit   '@expo/fingerprint': [ '0.19.4' ],
61 silly audit   '@expo/image-utils': [ '0.10.1' ],
61 silly audit   '@expo/inline-modules': [ '0.0.11' ],
61 silly audit   '@expo/json-file': [ '10.2.0' ],
61 silly audit   '@expo/local-build-cache-provider': [ '56.0.8' ],
61 silly audit   '@expo/log-box': [ '56.0.12' ],
61 silly audit   '@expo/metro': [ '56.0.0' ],
61 silly audit   '@expo/metro-config': [ '56.0.13' ],
61 silly audit   '@expo/metro-file-map': [ '56.0.3' ],
61 silly audit   '@expo/osascript': [ '2.6.0' ],
61 silly audit   '@expo/package-manager': [ '1.12.1' ],
61 silly audit   '@expo/plist': [ '0.7.0' ],
61 silly audit   '@expo/prebuild-config': [ '56.0.15' ],
61 silly audit   '@expo/require-utils': [ '56.1.3' ],
61 silly audit   '@expo/schema-utils': [ '56.0.1' ],
61 silly audit   '@expo/sdk-runtime-versions': [ '1.0.0' ],
61 silly audit   '@expo/spawn-async': [ '1.8.0' ],
61 silly audit   '@expo/sudo-prompt': [ '9.3.2' ],
61 silly audit   '@expo/ws-tunnel': [ '1.0.6' ],
61 silly audit   '@expo/xcpretty': [ '4.4.4' ],
61 silly audit   '@isaacs/ttlcache': [ '1.4.1' ],
61 silly audit   '@jest/schemas': [ '29.6.3' ],
61 silly audit   '@jest/types': [ '29.6.3' ],
61 silly audit   '@jridgewell/gen-mapping': [ '0.3.13' ],
61 silly audit   '@jridgewell/remapping': [ '2.3.5' ],
61 silly audit   '@jridgewell/resolve-uri': [ '3.1.2' ],
61 silly audit   '@jridgewell/source-map': [ '0.3.11' ],
61 silly audit   '@jridgewell/sourcemap-codec': [ '1.5.5' ],
61 silly audit   '@jridgewell/trace-mapping': [ '0.3.31' ],
61 silly audit   '@msgpackr-extract/msgpackr-extract-darwin-arm64': [ '3.0.4' ],
61 silly audit   '@msgpackr-extract/msgpackr-extract-darwin-x64': [ '3.0.4' ],
61 silly audit   '@msgpackr-extract/msgpackr-extract-linux-arm': [ '3.0.4' ],
61 silly audit   '@msgpackr-extract/msgpackr-extract-linux-arm64': [ '3.0.4' ],
61 silly audit   '@msgpackr-extract/msgpackr-extract-linux-x64': [ '3.0.4' ],
61 silly audit   '@msgpackr-extract/msgpackr-extract-win32-x64': [ '3.0.4' ],
61 silly audit   '@react-native/assets-registry': [ '0.85.3' ],
61 silly audit   '@react-native/babel-plugin-codegen': [ '0.85.3' ],
61 silly audit   '@react-native/codegen': [ '0.85.3' ],
61 silly audit   '@react-native/community-cli-plugin': [ '0.85.3' ],
61 silly audit   '@react-native/debugger-frontend': [ '0.85.3' ],
61 silly audit   '@react-native/debugger-shell': [ '0.85.3' ],
61 silly audit   '@react-native/dev-middleware': [ '0.85.3' ],
61 silly audit   '@react-native/gradle-plugin': [ '0.85.3' ],
61 silly audit   '@react-native/js-polyfills': [ '0.85.3' ],
61 silly audit   '@react-native/normalize-colors': [ '0.85.3', '0.74.89' ],
61 silly audit   '@react-native/virtualized-lists': [ '0.85.3' ],
61 silly audit   '@sinclair/typebox': [ '0.27.10' ],
61 silly audit   '@types/istanbul-lib-coverage': [ '2.0.6' ],
61 silly audit   '@types/istanbul-lib-report': [ '3.0.3' ],
61 silly audit   '@types/istanbul-reports': [ '3.0.4' ],
61 silly audit   '@types/node': [ '25.9.2' ],
61 silly audit   '@types/react': [ '19.2.17' ],
61 silly audit   '@types/yargs': [ '17.0.35' ],
61 silly audit   '@types/yargs-parser': [ '21.0.3' ],
61 silly audit   '@ungap/structured-clone': [ '1.3.1' ],
61 silly audit   '@xmldom/xmldom': [ '0.8.13', '0.9.10' ],
61 silly audit   'abort-controller': [ '3.0.0' ],
61 silly audit   accepts: [ '2.0.0', '1.3.8' ],
61 silly audit   acorn: [ '8.16.0' ],
61 silly audit   'agent-base': [ '7.1.4' ],
61 silly audit   anser: [ '1.4.10' ],
61 silly audit   'ansi-escapes': [ '4.3.2' ],
61 silly audit   'type-fest': [ '0.21.3', '0.7.1' ],
61 silly audit   'ansi-regex': [ '5.0.1', '4.1.1' ],
61 silly audit   'ansi-styles': [ '4.3.0', '3.2.1', '5.2.0' ],
61 silly audit   arg: [ '5.0.2' ],
61 silly audit   argparse: [ '2.0.1' ],
61 silly audit   asap: [ '2.0.6' ],
61 silly audit   'babel-plugin-polyfill-corejs2': [ '0.4.17' ],
61 silly audit   'babel-plugin-polyfill-corejs3': [ '0.13.0' ],
61 silly audit   'babel-plugin-polyfill-regenerator': [ '0.6.8' ],
61 silly audit   'babel-plugin-react-compiler': [ '1.0.0' ],
61 silly audit   'babel-plugin-react-native-web': [ '0.21.2' ],
61 silly audit   'babel-plugin-syntax-hermes-parser': [ '0.33.3' ],
61 silly audit   'babel-plugin-transform-flow-enums': [ '0.0.2' ],
61 silly audit   'babel-preset-expo': [ '56.0.14' ],
61 silly audit   'balanced-match': [ '4.0.4' ],
61 silly audit   'base64-js': [ '1.5.1' ],
61 silly audit   'baseline-browser-mapping': [ '2.10.35' ],
61 silly audit   'big-integer': [ '1.6.52' ],
61 silly audit   'bplist-creator': [ '0.1.0' ],
61 silly audit   'bplist-parser': [ '0.3.1' ],
61 silly audit   'brace-expansion': [ '5.0.6' ],
61 silly audit   braces: [ '3.0.3' ],
61 silly audit   browserslist: [ '4.28.2' ],
61 silly audit   bser: [ '2.1.1' ],
61 silly audit   'buffer-from': [ '1.1.2' ],
61 silly audit   bytes: [ '3.1.2' ],
61 silly audit   camelcase: [ '6.3.0' ],
61 silly audit   'caniuse-lite': [ '1.0.30001797' ],
61 silly audit   chalk: [ '4.1.2', '2.4.2' ],
61 silly audit   'chrome-launcher': [ '0.15.2' ],
61 silly audit   'chromium-edge-launcher': [ '0.3.0' ],
61 silly audit   'ci-info': [ '2.0.0', '3.9.0' ],
61 silly audit   'cli-cursor': [ '2.1.0' ],
61 silly audit   'cli-spinners': [ '2.9.2' ],
61 silly audit   cliui: [ '8.0.1' ],
61 silly audit   clone: [ '1.0.4' ],
61 silly audit   'color-convert': [ '2.0.1', '1.9.3' ],
61 silly audit   'color-name': [ '1.1.4', '1.1.3' ],
61 silly audit   commander: [ '7.2.0', '12.1.0', '2.20.3' ],
61 silly audit   compressible: [ '2.0.18' ],
61 silly audit   compression: [ '1.8.1' ],
61 silly audit   ms: [ '2.0.0', '2.1.3' ],
61 silly audit   negotiator: [ '0.6.4', '0.6.3', '1.0.0' ],
61 silly audit   connect: [ '3.7.0' ],
61 silly audit   'convert-source-map': [ '2.0.0' ],
61 silly audit   'core-js-compat': [ '3.49.0' ],
61 silly audit   'cross-fetch': [ '3.2.0' ],
61 silly audit   'cross-spawn': [ '7.0.6' ],
61 silly audit   'css-in-js-utils': [ '3.1.0' ],
61 silly audit   csstype: [ '3.2.3' ],
61 silly audit   deepmerge: [ '4.3.1' ],
61 silly audit   defaults: [ '1.0.4' ],
61 silly audit   depd: [ '2.0.0' ],
61 silly audit   destroy: [ '1.2.0' ],
61 silly audit   'detect-libc': [ '2.1.2' ],
61 silly audit   'dnssd-advertise': [ '1.1.4' ],
61 silly audit   'ee-first': [ '1.1.1' ],
61 silly audit   'electron-to-chromium': [ '1.5.371' ],
61 silly audit   'emoji-regex': [ '8.0.0' ],
61 silly audit   encodeurl: [ '1.0.2', '2.0.0' ],
61 silly audit   'error-stack-parser': [ '2.1.4' ],
61 silly audit   'es-errors': [ '1.3.0' ],
61 silly audit   escalade: [ '3.2.0' ],
61 silly audit   'escape-html': [ '1.0.3' ],
61 silly audit   'escape-string-regexp': [ '4.0.0', '1.0.5' ],
61 silly audit   etag: [ '1.8.1' ],
61 silly audit   'event-target-shim': [ '5.0.1' ],
61 silly audit   expo: [ '56.0.9' ],
61 silly audit   'expo-asset': [ '56.0.16' ],
61 silly audit   'expo-constants': [ '56.0.17' ],
61 silly audit   'expo-file-system': [ '56.0.7' ],
61 silly audit   'expo-keep-awake': [ '56.0.3' ],
61 silly audit   'expo-modules-autolinking': [ '56.0.15' ],
61 silly audit   'expo-modules-core': [ '56.0.15' ],
61 silly audit   'expo-modules-jsi': [ '56.0.8' ],
61 silly audit   'expo-secure-store': [ '56.0.4' ],
61 silly audit   'expo-server': [ '56.0.5' ],
61 silly audit   'expo-status-bar': [ '56.0.4' ],
61 silly audit   '@expo/cli': [ '56.1.14' ],
61 silly audit   '@expo/router-server': [ '56.0.13' ],
61 silly audit   'mime-db': [ '1.52.0', '1.54.0' ],
61 silly audit   'mime-types': [ '2.1.35', '3.0.2' ],
61 silly audit   ws: [ '8.21.0', '7.5.11' ],
61 silly audit   'exponential-backoff': [ '3.1.3' ],
61 silly audit   'fb-dotslash': [ '0.5.8' ],
61 silly audit   'fb-watchman': [ '2.0.2' ],
61 silly audit   fbjs: [ '3.0.5' ],
61 silly audit   'fbjs-css-vars': [ '1.0.2' ],
61 silly audit   promise: [ '7.3.1', '8.3.0' ],
61 silly audit   fdir: [ '6.5.0' ],
61 silly audit   'fetch-nodeshim': [ '0.4.10' ],
61 silly audit   'fill-range': [ '7.1.1' ],
61 silly audit   finalhandler: [ '1.1.2' ],
61 silly audit   'flow-enums-runtime': [ '0.0.6' ],
61 silly audit   fontfaceobserver: [ '2.3.0' ],
61 silly audit   fresh: [ '0.5.2' ],
61 silly audit   'function-bind': [ '1.1.2' ],
61 silly audit   gensync: [ '1.0.0-beta.2' ],
61 silly audit   'get-caller-file': [ '2.0.5' ],
61 silly audit   getenv: [ '2.0.0' ],
61 silly audit   glob: [ '13.0.6' ],
61 silly audit   'graceful-fs': [ '4.2.11' ],
61 silly audit   'has-flag': [ '4.0.0', '3.0.0' ],
61 silly audit   hasown: [ '2.0.4' ],
61 silly audit   'hermes-compiler': [ '250829098.0.10' ],
61 silly audit   'hermes-estree': [ '0.33.3', '0.35.0' ],
61 silly audit   'hermes-parser': [ '0.33.3', '0.35.0' ],
61 silly audit   'hosted-git-info': [ '7.0.2' ],
61 silly audit   'lru-cache': [ '10.4.3', '5.1.1', '11.5.1' ],
61 silly audit   'http-errors': [ '2.0.1' ],
61 silly audit   statuses: [ '2.0.2', '1.5.0' ],
61 silly audit   'https-proxy-agent': [ '7.0.6' ],
61 silly audit   'hyphenate-style-name': [ '1.1.0' ],
61 silly audit   ignore: [ '5.3.2' ],
61 silly audit   'image-size': [ '1.2.1' ],
61 silly audit   inherits: [ '2.0.4' ],
61 silly audit   'inline-style-prefixer': [ '7.0.1' ],
61 silly audit   invariant: [ '2.2.4' ],
61 silly audit   'is-core-module': [ '2.16.2' ],
61 silly audit   'is-docker': [ '2.2.1' ],
61 silly audit   'is-fullwidth-code-point': [ '3.0.0' ],
61 silly audit   'is-number': [ '7.0.0' ],
61 silly audit   'is-wsl': [ '2.2.0' ],
61 silly audit   isexe: [ '2.0.0' ],
61 silly audit   'jest-get-type': [ '29.6.3' ],
61 silly audit   'jest-util': [ '29.7.0' ],
61 silly audit   picomatch: [ '2.3.2', '4.0.4' ],
61 silly audit   'jest-validate': [ '29.7.0' ],
61 silly audit   'jest-worker': [ '29.7.0' ],
61 silly audit   'supports-color': [ '8.1.1', '5.5.0', '7.2.0' ],
61 silly audit   'jimp-compact': [ '0.16.1' ],
61 silly audit   'js-tokens': [ '4.0.0' ],
61 silly audit   'js-yaml': [ '4.2.0' ],
61 silly audit   'jsc-safe-url': [ '0.2.4' ],
61 silly audit   jsesc: [ '3.1.0' ],
61 silly audit   json5: [ '2.2.3' ],
61 silly audit   kleur: [ '3.0.3' ],
61 silly audit   'lan-network': [ '0.2.1' ],
61 silly audit   leven: [ '3.1.0' ],
61 silly audit   'lighthouse-logger': [ '1.4.2' ],
61 silly audit   lightningcss: [ '1.32.0' ],
61 silly audit   'lightningcss-android-arm64': [ '1.32.0' ],
61 silly audit   'lightningcss-darwin-arm64': [ '1.32.0' ],
61 silly audit   'lightningcss-darwin-x64': [ '1.32.0' ],
61 silly audit   'lightningcss-freebsd-x64': [ '1.32.0' ],
61 silly audit   'lightningcss-linux-arm-gnueabihf': [ '1.32.0' ],
61 silly audit   'lightningcss-linux-arm64-gnu': [ '1.32.0' ],
61 silly audit   'lightningcss-linux-arm64-musl': [ '1.32.0' ],
61 silly audit   'lightningcss-linux-x64-gnu': [ '1.32.0' ],
61 silly audit   'lightningcss-linux-x64-musl': [ '1.32.0' ],
61 silly audit   'lightningcss-win32-arm64-msvc': [ '1.32.0' ],
61 silly audit   'lightningcss-win32-x64-msvc': [ '1.32.0' ],
61 silly audit   'lodash.debounce': [ '4.0.8' ],
61 silly audit   'lodash.throttle': [ '4.1.1' ],
61 silly audit   'log-symbols': [ '2.2.0' ],
61 silly audit   'loose-envify': [ '1.4.0' ],
61 silly audit   makeerror: [ '1.0.12' ],
61 silly audit   marky: [ '1.3.0' ],
61 silly audit   'memoize-one': [ '5.2.1', '6.0.0' ],
61 silly audit   'merge-stream': [ '2.0.0' ],
61 silly audit   metro: [ '0.84.4' ],
61 silly audit   'metro-babel-transformer': [ '0.84.4' ],
61 silly audit   'metro-cache': [ '0.84.4' ],
61 silly audit   'metro-cache-key': [ '0.84.4' ],
61 silly audit   'metro-config': [ '0.84.4' ],
61 silly audit   'metro-core': [ '0.84.4' ],
61 silly audit   'metro-file-map': [ '0.84.4' ],
61 silly audit   'metro-minify-terser': [ '0.84.4' ],
61 silly audit   'metro-resolver': [ '0.84.4' ],
61 silly audit   'metro-runtime': [ '0.84.4' ],
61 silly audit   'metro-source-map': [ '0.84.4' ],
61 silly audit   'metro-symbolicate': [ '0.84.4' ],
61 silly audit   'metro-transform-plugins': [ '0.84.4' ],
61 silly audit   'metro-transform-worker': [ '0.84.4' ],
61 silly audit   micromatch: [ '4.0.8' ],
61 silly audit   mime: [ '1.6.0' ],
61 silly audit   'mimic-fn': [ '1.2.0' ],
61 silly audit   minimatch: [ '10.2.5' ],
61 silly audit   minipass: [ '7.1.3' ],
61 silly audit   mkdirp: [ '1.0.4' ],
61 silly audit   msgpackr: [ '2.0.4' ],
61 silly audit   'msgpackr-extract': [ '3.0.4' ],
61 silly audit   multitars: [ '1.0.0' ],
61 silly audit   nanoid: [ '3.3.12' ],
61 silly audit   'node-fetch': [ '2.7.0' ],
61 silly audit   'node-forge': [ '1.4.0' ],
61 silly audit   'node-gyp-build-optional-packages': [ '5.2.2' ],
61 silly audit   'node-int64': [ '0.4.0' ],
61 silly audit   'node-releases': [ '2.0.47' ],
61 silly audit   'npm-package-arg': [ '11.0.3' ],
61 silly audit   nullthrows: [ '1.1.1' ],
61 silly audit   ob1: [ '0.84.4' ],
61 silly audit   'object-assign': [ '4.1.1' ],
61 silly audit   'on-finished': [ '2.3.0', '2.4.1' ],
61 silly audit   'on-headers': [ '1.1.0' ],
61 silly audit   onetime: [ '2.0.1' ],
61 silly audit   open: [ '7.4.2' ],
61 silly audit   ora: [ '3.4.0' ],
61 silly audit   'strip-ansi': [ '5.2.0', '6.0.1' ],
61 silly audit   'parse-png': [ '2.1.0' ],
61 silly audit   parseurl: [ '1.3.3' ],
61 silly audit   'path-key': [ '3.1.1' ],
61 silly audit   'path-parse': [ '1.0.7' ],
61 silly audit   'path-scurry': [ '2.0.2' ],
61 silly audit   picocolors: [ '1.1.1' ],
61 silly audit   plist: [ '3.1.1' ],
61 silly audit   pngjs: [ '3.4.0' ],
61 silly audit   postcss: [ '8.5.15' ],
61 silly audit   'postcss-value-parser': [ '4.2.0' ],
61 silly audit   'pretty-format': [ '29.7.0' ],
61 silly audit   'proc-log': [ '4.2.0' ],
61 silly audit   progress: [ '2.0.3' ],
61 silly audit   prompts: [ '2.4.2' ],
61 silly audit   queue: [ '6.0.2' ],
61 silly audit   'range-parser': [ '1.2.1' ],
61 silly audit   react: [ '19.2.3' ],
61 silly audit   'react-devtools-core': [ '6.1.5' ],
61 silly audit   'react-dom': [ '19.2.3' ],
61 silly audit   'react-is': [ '18.3.1' ],
61 silly audit   'react-native': [ '0.85.3' ],
61 silly audit   'react-native-web': [ '0.21.2' ],
61 silly audit   'react-refresh': [ '0.14.2' ],
61 silly audit   regenerate: [ '1.4.2' ],
61 silly audit   'regenerate-unicode-properties': [ '10.2.2' ],
61 silly audit   'regenerator-runtime': [ '0.13.11' ],
61 silly audit   'regexpu-core': [ '6.4.0' ],
61 silly audit   regjsgen: [ '0.8.0' ],
61 silly audit   regjsparser: [ '0.13.1' ],
61 silly audit   'require-directory': [ '2.1.1' ],
61 silly audit   resolve: [ '1.22.12' ],
61 silly audit   'resolve-from': [ '5.0.0' ],
61 silly audit   'resolve-workspace-root': [ '2.0.1' ],
61 silly audit   'restore-cursor': [ '2.0.0' ],
61 silly audit   'safe-buffer': [ '5.2.1' ],
61 silly audit   sax: [ '1.6.0' ],
61 silly audit   scheduler: [ '0.27.0' ],
61 silly audit   send: [ '0.19.2' ],
61 silly audit   'serialize-error': [ '2.1.0' ],
61 silly audit   'serve-static': [ '1.16.3' ],
61 silly audit   setimmediate: [ '1.0.5' ],
61 silly audit   setprototypeof: [ '1.2.0' ],
61 silly audit   'shebang-command': [ '2.0.0' ],
61 silly audit   'shebang-regex': [ '3.0.0' ],
61 silly audit   'shell-quote': [ '1.8.4' ],
61 silly audit   'signal-exit': [ '3.0.7' ],
61 silly audit   'simple-plist': [ '1.3.1' ],
61 silly audit   sisteransi: [ '1.0.5' ],
61 silly audit   slugify: [ '1.6.9' ],
61 silly audit   'source-map': [ '0.5.7', '0.6.1' ],
61 silly audit   'source-map-js': [ '1.2.1' ],
61 silly audit   'source-map-support': [ '0.5.21' ],
61 silly audit   stackframe: [ '1.3.4' ],
61 silly audit   'stacktrace-parser': [ '0.1.11' ],
61 silly audit   'stream-buffers': [ '2.2.0' ],
61 silly audit   'string-width': [ '4.2.3' ],
61 silly audit   'structured-headers': [ '0.4.1' ],
61 silly audit   styleq: [ '0.1.3' ],
61 silly audit   'supports-hyperlinks': [ '2.3.0' ],
61 silly audit   'supports-preserve-symlinks-flag': [ '1.0.0' ],
61 silly audit   'terminal-link': [ '2.1.1' ],
61 silly audit   terser: [ '5.48.0' ],
61 silly audit   throat: [ '5.0.0' ],
61 silly audit   tinyglobby: [ '0.2.17' ],
61 silly audit   tmpl: [ '1.0.5' ],
61 silly audit   'to-regex-range': [ '5.0.1' ],
61 silly audit   toidentifier: [ '1.0.1' ],
61 silly audit   toqr: [ '0.1.1' ],
61 silly audit   tr46: [ '0.0.3' ],
61 silly audit   typescript: [ '6.0.3' ],
61 silly audit   'ua-parser-js': [ '1.0.41' ],
61 silly audit   'undici-types': [ '7.24.6' ],
61 silly audit   'unicode-canonical-property-names-ecmascript': [ '2.0.1' ],
61 silly audit   'unicode-match-property-ecmascript': [ '2.0.0' ],
61 silly audit   'unicode-match-property-value-ecmascript': [ '2.2.1' ],
61 silly audit   'unicode-property-aliases-ecmascript': [ '2.2.0' ],
61 silly audit   unpipe: [ '1.0.0' ],
61 silly audit   'update-browserslist-db': [ '1.2.3' ],
61 silly audit   'utils-merge': [ '1.0.1' ],
61 silly audit   uuid: [ '7.0.3' ],
61 silly audit   'validate-npm-package-name': [ '5.0.1' ],
61 silly audit   vary: [ '1.1.2' ],
61 silly audit   vlq: [ '1.0.1' ],
61 silly audit   walker: [ '1.0.8' ],
61 silly audit   wcwidth: [ '1.0.1' ],
61 silly audit   'webidl-conversions': [ '3.0.1' ],
61 silly audit   'whatwg-fetch': [ '3.6.20' ],
61 silly audit   'whatwg-url': [ '5.0.0' ],
61 silly audit   'whatwg-url-minimum': [ '0.1.2' ],
61 silly audit   which: [ '2.0.2' ],
61 silly audit   'wrap-ansi': [ '7.0.0' ],
61 silly audit   xcode: [ '3.0.1' ],
61 silly audit   xml2js: [ '0.6.0' ],
61 silly audit   xmlbuilder: [ '11.0.1', '15.1.1' ],
61 silly audit   y18n: [ '5.0.8' ],
61 silly audit   yallist: [ '3.1.1' ],
61 silly audit   yaml: [ '2.9.0' ],
61 silly audit   yargs: [ '17.7.2' ],
61 silly audit   'yargs-parser': [ '21.1.1' ],
61 silly audit   zod: [ '3.25.76' ],
61 silly audit   '@expo-google-fonts/exo': [ '0.4.2' ],
61 silly audit   'expo-font': [ '56.0.5' ]
61 silly audit }
62 http cache @expo-google-fonts/exo@https://registry.npmjs.org/@expo-google-fonts/exo/-/exo-0.4.2.tgz 0ms (cache hit)
63 silly tarball no local data for @expo-google-fonts/exo@https://registry.npmjs.org/@expo-google-fonts/exo/-/exo-0.4.2.tgz. Extracting by manifest.
64 http fetch POST 200 https://registry.npmjs.org/-/npm/v1/security/advisories/bulk 342ms
65 silly audit report {
65 silly audit report   uuid: [
65 silly audit report     {
65 silly audit report       id: 1119441,
65 silly audit report       url: 'https://github.com/advisories/GHSA-w5hq-g745-h8pq',
65 silly audit report       title: 'uuid: Missing buffer bounds check in v3/v5/v6 when buf is provided',
65 silly audit report       severity: 'moderate',
65 silly audit report       vulnerable_versions: '<11.1.1',
65 silly audit report       cwe: [Array],
65 silly audit report       cvss: [Object]
65 silly audit report     }
65 silly audit report   ]
65 silly audit report }
66 silly packumentCache corgi:https://registry.npmjs.org/uuid cache-miss
67 http fetch GET 200 https://registry.npmjs.org/uuid 129ms (cache revalidated)
68 silly packumentCache corgi:https://registry.npmjs.org/uuid set size:81812 disposed:false
69 silly packumentCache corgi:https://registry.npmjs.org/xcode cache-miss
70 http fetch GET 200 https://registry.npmjs.org/xcode 127ms (cache revalidated)
71 silly packumentCache corgi:https://registry.npmjs.org/xcode set size:1850340 disposed:false
72 silly packumentCache corgi:https://registry.npmjs.org/@expo%2fconfig-plugins cache-miss
73 http fetch GET 200 https://registry.npmjs.org/@expo%2fconfig-plugins 151ms (cache revalidated)
74 silly packumentCache corgi:https://registry.npmjs.org/@expo%2fconfig-plugins set size:413059 disposed:false
75 silly packumentCache corgi:https://registry.npmjs.org/@expo%2fconfig cache-miss
76 silly packumentCache corgi:https://registry.npmjs.org/@expo%2finline-modules cache-miss
77 silly packumentCache corgi:https://registry.npmjs.org/@expo%2fprebuild-config cache-miss
78 silly packumentCache corgi:https://registry.npmjs.org/expo cache-miss
79 silly packumentCache corgi:https://registry.npmjs.org/@expo%2fcli cache-miss
80 http fetch GET 200 https://registry.npmjs.org/expo 133ms (cache revalidated)
81 silly packumentCache corgi:https://registry.npmjs.org/expo set size:1764194 disposed:false
82 http fetch GET 200 https://registry.npmjs.org/@expo%2fcli 420ms (cache revalidated)
83 silly packumentCache corgi:https://registry.npmjs.org/@expo%2fcli set size:1637012 disposed:false
84 http fetch GET 200 https://registry.npmjs.org/@expo%2fconfig 455ms (cache revalidated)
85 silly packumentCache corgi:https://registry.npmjs.org/@expo%2fconfig set size:542603 disposed:false
86 http fetch GET 200 https://registry.npmjs.org/@expo%2fprebuild-config 471ms (cache revalidated)
87 silly packumentCache corgi:https://registry.npmjs.org/@expo%2fprebuild-config set size:382820 disposed:false
88 http fetch GET 200 https://registry.npmjs.org/@expo%2finline-modules 547ms (cache revalidated)
89 silly packumentCache corgi:https://registry.npmjs.org/@expo%2finline-modules set size:20918 disposed:false
90 silly packumentCache corgi:https://registry.npmjs.org/@expo%2fdom-webview cache-miss
91 silly packumentCache corgi:https://registry.npmjs.org/@expo%2flog-box cache-miss
92 silly packumentCache corgi:https://registry.npmjs.org/@expo%2fmetro-config cache-miss
93 silly packumentCache corgi:https://registry.npmjs.org/babel-preset-expo cache-miss
94 silly packumentCache corgi:https://registry.npmjs.org/expo-asset cache-miss
95 silly packumentCache corgi:https://registry.npmjs.org/expo-constants cache-miss
96 silly packumentCache corgi:https://registry.npmjs.org/expo-file-system cache-miss
97 silly packumentCache corgi:https://registry.npmjs.org/expo-keep-awake cache-miss
98 silly packumentCache corgi:https://registry.npmjs.org/expo-secure-store cache-miss
99 silly packumentCache corgi:https://registry.npmjs.org/expo-status-bar cache-miss
100 silly packumentCache corgi:https://registry.npmjs.org/@expo%2frouter-server cache-miss
101 silly packumentCache corgi:https://registry.npmjs.org/expo-font cache-miss
102 http fetch GET 200 https://registry.npmjs.org/expo-constants 230ms (cache revalidated)
103 silly packumentCache corgi:https://registry.npmjs.org/expo-constants set size:290583 disposed:false
104 http fetch GET 200 https://registry.npmjs.org/babel-preset-expo 236ms (cache revalidated)
105 silly packumentCache corgi:https://registry.npmjs.org/babel-preset-expo set size:542633 disposed:false
106 http fetch GET 200 https://registry.npmjs.org/@expo%2fmetro-config 249ms (cache revalidated)
107 silly packumentCache corgi:https://registry.npmjs.org/@expo%2fmetro-config set size:581176 disposed:false
108 http fetch GET 200 https://registry.npmjs.org/@expo%2fdom-webview 288ms (cache revalidated)
109 silly packumentCache corgi:https://registry.npmjs.org/@expo%2fdom-webview set size:97299 disposed:false
110 http fetch GET 200 https://registry.npmjs.org/@expo-google-fonts/exo/-/exo-0.4.2.tgz 1651ms (cache miss)
111 http fetch GET 200 https://registry.npmjs.org/expo-keep-awake 687ms (cache revalidated)
112 silly packumentCache corgi:https://registry.npmjs.org/expo-keep-awake set size:190028 disposed:false
113 http fetch GET 200 https://registry.npmjs.org/@expo%2flog-box 696ms (cache revalidated)
114 silly packumentCache corgi:https://registry.npmjs.org/@expo%2flog-box set size:85856 disposed:false
115 http fetch GET 200 https://registry.npmjs.org/expo-font 620ms (cache revalidated)
116 silly packumentCache corgi:https://registry.npmjs.org/expo-font set size:241164 disposed:false
117 http fetch GET 200 https://registry.npmjs.org/expo-status-bar 698ms (cache revalidated)
118 silly packumentCache corgi:https://registry.npmjs.org/expo-status-bar set size:192703 disposed:false
119 http fetch GET 200 https://registry.npmjs.org/expo-secure-store 703ms (cache revalidated)
120 silly packumentCache corgi:https://registry.npmjs.org/expo-secure-store set size:181044 disposed:false
121 http fetch GET 200 https://registry.npmjs.org/expo-file-system 710ms (cache revalidated)
122 silly packumentCache corgi:https://registry.npmjs.org/expo-file-system set size:291294 disposed:false
123 http fetch GET 200 https://registry.npmjs.org/expo-asset 715ms (cache revalidated)
124 silly packumentCache corgi:https://registry.npmjs.org/expo-asset set size:305066 disposed:false
125 http fetch GET 200 https://registry.npmjs.org/@expo%2frouter-server 791ms (cache revalidated)
126 silly packumentCache corgi:https://registry.npmjs.org/@expo%2frouter-server set size:103105 disposed:false
127 silly packumentCache corgi:https://registry.npmjs.org/@expo%2flocal-build-cache-provider cache-miss
128 http fetch GET 200 https://registry.npmjs.org/@expo%2flocal-build-cache-provider 288ms (cache revalidated)
129 silly packumentCache corgi:https://registry.npmjs.org/@expo%2flocal-build-cache-provider set size:50741 disposed:false
130 silly ADD node_modules/@expo-google-fonts/exo
131 verbose cwd C:\Users\SAMSUNG\Desktop\TreinAI\TreinAI\mobile
132 verbose os Windows_NT 10.0.22631
133 verbose node v24.11.1
134 verbose npm  v11.6.2
135 verbose exit 0
136 info ok
